ℹ [1/240] Replayed SR_Primitives
info: SR_Primitives.lean:27:0: SR.ReesGrade : Type
info: SR_Primitives.lean:28:0: SR.OPair : Type
info: SR_Primitives.lean:29:0: SR.IsPrimeNat (p : Nat) : Prop
info: SR_Primitives.lean:30:0: SR.PrimeSet (X : Rat) : Nat → Prop
info: SR_Primitives.lean:31:0: SR.grade (m n : Nat) (X : Rat) : ReesGrade
ℹ [1393/1617] Replayed SR_SignatureBound
info: SR_SignatureBound.lean:843:0: SR.completeSupport (X : ℕ) : List ℕ
info: SR_SignatureBound.lean:844:0: SR.completeSupport_length (X : ℕ) : (completeSupport X).length = X - 2
info: SR_SignatureBound.lean:845:0: SR.completeSupport_mem_bounds {X m : ℕ} (hm : m ∈ completeSupport X) : 2 ≤ m ∧ m < X
info: SR_SignatureBound.lean:846:0: SR.reesSign (m n X : ℕ) : ℤ
info: SR_SignatureBound.lean:847:0: SR.reesEntryFromNat (X m n : ℕ) : ℤ
info: SR_SignatureBound.lean:848:0: SR.reesEntry_neg_or_pos (X m n : ℕ) : reesEntryFromNat X m n = -1 ∨ reesEntryFromNat X m n = 1
info: SR_SignatureBound.lean:849:0: SR.ReesSig : Type
info: SR_SignatureBound.lean:850:0: SR.knownSigs : List ReesSig
info: SR_SignatureBound.lean:851:0: SR.all_known_bounded (s : ReesSig) : s ∈ knownSigs → hasBoundedSignature s
info: SR_SignatureBound.lean:852:0: SR.SR20_BOUND_X6_TO_200 (s : ReesSig) : s ∈ knownSigs → 6 ≤ s.X ∧ s.X ≤ 200 → hasBoundedSignature s
info: SR_SignatureBound.lean:853:0: SR.knownSigs_length : knownSigs.length = 195
info: SR_SignatureBound.lean:854:0: SR.knownSigs_first_X : (List.map ReesSig.X knownSigs).head? = some 6
info: SR_SignatureBound.lean:855:0: SR.knownSigs_last_X : (List.map ReesSig.X knownSigs).getLast? = some 200
info: SR_SignatureBound.lean:856:0: SR.boundary_eigenvalues_sqrt2 (b : ℚ) :
  b = 1 ∨ b = -1 → boundaryDet b = -2 ∧ ∀ (lam : ℚ), boundaryCharacteristic b lam → lam ^ 2 = 2
info: SR_SignatureBound.lean:857:0: SR.boundaryMatrix (b : ℚ) : Matrix (Fin 2) (Fin 2) ℚ
info: SR_SignatureBound.lean:858:0: SR.boundary_matrix_det_sqrt2_proxy (b : ℚ) : b = 1 ∨ b = -1 → (boundaryMatrix b).det = -2
info: SR_SignatureBound.lean:859:0: SR.rees_decomposition (X m n : ℕ) : reesEntryFromNat X m n = 1 - 2 * if m * n < X then 1 else 0
info: SR_SignatureBound.lean:860:0: SR.transition_formula (n : ℕ) : n ≥ 1 → transitionK n = n ^ 2 + 3 * n - 1
info: SR_SignatureBound.lean:861:0: SR.transition_formula_verified (n k : ℕ) : (n, k) ∈ transitionPoints → k = n ^ 2 + 3 * n - 1
info: SR_SignatureBound.lean:862:0: SR.SR20_CONJ_SIGNATURE_BOUND : True
info: SR_SignatureBound.lean:863:0: SR.SR20_DENSITY_SCAFFOLD : True
info: SR_SignatureBound.lean:864:0: SR.SR20_SYNTHESIS :
  (∀ s ∈ knownSigs, hasBoundedSignature s) ∧
    knownSigs.length = 195 ∧
      (∀ (b : ℚ), b = 1 ∨ b = -1 → boundaryDet b = -2 ∧ ∀ (lam : ℚ), boundaryCharacteristic b lam → lam ^ 2 = 2) ∧
        (∀ (X m n : ℕ), reesEntryFromNat X m n = 1 - 2 * if m * n < X then 1 else 0) ∧
          (∀ (n k : ℕ), (n, k) ∈ transitionPoints → k = n ^ 2 + 3 * n - 1) ∧ True ∧ True
info: SR_SignatureBound.lean:865:0: SR.sigIndex (s : ReesSig) : ℤ
info: SR_SignatureBound.lean:866:0: SR.supportParityIndex (s : ReesSig) : ℤ
info: SR_SignatureBound.lean:867:0: SR.sigX8 : ReesSig
info: SR_SignatureBound.lean:868:0: SR.sigX8_parity_fails : sigIndex sigX8 % 2 ≠ supportParityIndex sigX8
info: SR_SignatureBound.lean:869:0: SR.SR21_PARITY_CONJECTURE_FALSE_FOR_RECORDED_X8 :
  sigX8.X = 8 ∧ sigX8.pos = 2 ∧ sigX8.neg = 1 ∧ sigX8.zero = 3 ∧ sigIndex sigX8 % 2 ≠ supportParityIndex sigX8
info: SR_SignatureBound.lean:870:0: SR.SR21_NONNEGATIVE_DOMINANCE_CERTIFIED_X6_TO_200 (s : ReesSig) : s ∈ knownSigs → s.neg ≤ s.pos
info: SR_SignatureBound.lean:871:0: SR.SR21_UPPER_BOUND_CERTIFIED_X6_TO_200 (s : ReesSig) : s ∈ knownSigs → s.pos ≤ s.neg + 1
info: SR_SignatureBound.lean:872:0: SR.HereditaryCertificate : Type
info: SR_SignatureBound.lean:873:0: SR.hereditaryCertificateX6To100 : HereditaryCertificate
info: SR_SignatureBound.lean:874:0: SR.SR21_HEREDITARY_CERTIFIED :
  hereditaryCertificateX6To100.minX = 6 ∧
    hereditaryCertificateX6To100.maxX = 100 ∧
      hereditaryCertificateX6To100.deletedPrincipalSubmatricesChecked = 4845 ∧
        hereditaryCertificateX6To100.violations = 0
info: SR_SignatureBound.lean:875:0: SR.SignatureBoundSearchRecord : Type
info: SR_SignatureBound.lean:876:0: SR.signatureBoundSearchX6To500 : SignatureBoundSearchRecord
info: SR_SignatureBound.lean:877:0: SR.SR21_BOUND_SEARCH_X6_TO_500 :
  signatureBoundSearchX6To500.minX = 6 ∧
    signatureBoundSearchX6To500.maxX = 500 ∧
      signatureBoundSearchX6To500.cutoffsChecked = 495 ∧
        signatureBoundSearchX6To500.violations = 0 ∧
          signatureBoundSearchX6To500.lastX = 500 ∧
            signatureBoundSearchX6To500.lastPos = 21 ∧
              signatureBoundSearchX6To500.lastNeg = 21 ∧ signatureBoundSearchX6To500.lastZero = 456
info: SR_SignatureBound.lean:878:0: SR.signatureBoundSearchX6To1000 : SignatureBoundSearchRecord
info: SR_SignatureBound.lean:879:0: SR.SR21_BOUND_SEARCH_X6_TO_1000 :
  signatureBoundSearchX6To1000.minX = 6 ∧
    signatureBoundSearchX6To1000.maxX = 1000 ∧
      signatureBoundSearchX6To1000.cutoffsChecked = 995 ∧
        signatureBoundSearchX6To1000.violations = 0 ∧
          signatureBoundSearchX6To1000.lastX = 1000 ∧
            signatureBoundSearchX6To1000.lastPos = 31 ∧
              signatureBoundSearchX6To1000.lastNeg = 30 ∧ signatureBoundSearchX6To1000.lastZero = 937
info: SR_SignatureBound.lean:880:0: SR.PositiveBiasSearchRecord : Type
info: SR_SignatureBound.lean:881:0: SR.positiveBiasSearchX6To1000 : PositiveBiasSearchRecord
info: SR_SignatureBound.lean:882:0: SR.SR21_POSITIVE_BIAS_SEARCH_X6_TO_1000 :
  positiveBiasSearchX6To1000.minX = 6 ∧
    positiveBiasSearchX6To1000.maxX = 1000 ∧
      positiveBiasSearchX6To1000.cutoffsChecked = 995 ∧
        positiveBiasSearchX6To1000.violations = 0 ∧
          positiveBiasSearchX6To1000.lastX = 1000 ∧
            positiveBiasSearchX6To1000.lastSupportSize = 998 ∧
              positiveBiasSearchX6To1000.lastInteriorPairs = 5056 ∧
                positiveBiasSearchX6To1000.lastTwiceInteriorPairs = 10112 ∧
                  positiveBiasSearchX6To1000.lastSupportSquare = 996004
info: SR_SignatureBound.lean:883:0: SR.positiveBiasSearchX6To5000 : PositiveBiasSearchRecord
info: SR_SignatureBound.lean:884:0: SR.SR21_POSITIVE_BIAS_SEARCH_X6_TO_5000 :
  positiveBiasSearchX6To5000.minX = 6 ∧
    positiveBiasSearchX6To5000.maxX = 5000 ∧
      positiveBiasSearchX6To5000.cutoffsChecked = 4995 ∧
        positiveBiasSearchX6To5000.violations = 0 ∧
          positiveBiasSearchX6To5000.lastX = 5000 ∧
            positiveBiasSearchX6To5000.lastSupportSize = 4998 ∧
              positiveBiasSearchX6To5000.lastInteriorPairs = 33359 ∧
                positiveBiasSearchX6To5000.lastTwiceInteriorPairs = 66718 ∧
                  positiveBiasSearchX6To5000.lastSupportSquare = 24980004
info: SR_SignatureBound.lean:885:0: SR.signatureProbeX35 : ReesSig
info: SR_SignatureBound.lean:886:0: SR.signatureProbeX210 : ReesSig
info: SR_SignatureBound.lean:887:0: SR.SR21_NONPRIMORIAL_X35_IMBALANCED :
  signatureProbeX35.X = 35 ∧
    signatureProbeX35.pos = 5 ∧
      signatureProbeX35.neg = 4 ∧ signatureProbeX35.zero = 24 ∧ signatureProbeX35.pos ≠ signatureProbeX35.neg
info: SR_SignatureBound.lean:888:0: SR.SR21_PRIMORIAL_X210_BALANCED :
  signatureProbeX210.X = 210 ∧
    signatureProbeX210.pos = 13 ∧
      signatureProbeX210.neg = 13 ∧ signatureProbeX210.zero = 182 ∧ signatureProbeX210.pos = signatureProbeX210.neg
info: SR_SignatureBound.lean:889:0: SR.two_mul_lt_iff_le_pred_div_two (m X : ℕ) (hX : 0 < X) : 2 * m < X ↔ m ≤ (X - 1) / 2
info: SR_SignatureBound.lean:890:0: SR.interior_pair_left_below_half {X m n : ℕ} (hn : 2 ≤ n) (h : m * n < X) : 2 * m < X
info: SR_SignatureBound.lean:891:0: SR.interior_pair_right_below_half {X m n : ℕ} (hm : 2 ≤ m) (h : m * n < X) : 2 * n < X
info: SR_SignatureBound.lean:892:0: SR.interior_pair_both_below_half {X m n : ℕ} (hm : 2 ≤ m) (hn : 2 ≤ n) (h : m * n < X) : 2 * m < X ∧ 2 * n < X
info: SR_SignatureBound.lean:893:0: SR.support_interior_pair_below_half {X m n : ℕ} (hm : m ∈ completeSupport X) (hn : n ∈ completeSupport X)
  (hint : m * n < X) : 2 * m < X ∧ 2 * n < X
info: SR_SignatureBound.lean:894:0: SR.supportPairCountRows (X : ℕ) : ℕ
info: SR_SignatureBound.lean:895:0: SR.supportPairCountRows_eq_square (X : ℕ) : supportPairCountRows X = (X - 2) ^ 2
info: SR_SignatureBound.lean:896:0: SR.rowEntrySumOn (X m : ℕ) (L : List ℕ) : ℤ
info: SR_SignatureBound.lean:897:0: SR.rowInteriorCountOn (X m : ℕ) (L : List ℕ) : ℕ
info: SR_SignatureBound.lean:898:0: SR.rowEntrySumOn_formula (X m : ℕ) (L : List ℕ) : rowEntrySumOn X m L = ↑L.length - 2 * ↑(rowInteriorCountOn X m L)
info: SR_SignatureBound.lean:899:0: SR.completeSupport_row_entry_sum_formula (X m : ℕ) :
  (List.map (fun n => reesEntryFromNat X m n) (completeSupport X)).sum =
    ↑(completeSupport X).length - 2 * ↑(List.filter (fun n => decide (m * n < X)) (completeSupport X)).length
info: SR_SignatureBound.lean:900:0: SR.allEntrySumOn (X : ℕ) (rows cols : List ℕ) : ℤ
info: SR_SignatureBound.lean:901:0: SR.supportPairCountOn (rows cols : List ℕ) : ℕ
info: SR_SignatureBound.lean:902:0: SR.interiorPairCountOn (X : ℕ) (rows cols : List ℕ) : ℕ
info: SR_SignatureBound.lean:903:0: SR.allEntrySumOn_formula (X : ℕ) (rows cols : List ℕ) :
  allEntrySumOn X rows cols = ↑(supportPairCountOn rows cols) - 2 * ↑(interiorPairCountOn X rows cols)
info: SR_SignatureBound.lean:904:0: SR.allOnesEntrySum_count_formula_general (X : ℕ) :
  allOnesEntrySum X = ↑(supportPairCountRows X) - 2 * ↑(interiorPairCount X)
info: SR_SignatureBound.lean:905:0: SR.allOnesEntrySum_square_formula_general (X : ℕ) : allOnesEntrySum X = ↑((X - 2) ^ 2) - 2 * ↑(interiorPairCount X)
info: SR_SignatureBound.lean:906:0: SR.allOnesEntrySum_positive_of_interior_bound (X : ℕ) (h : 2 * interiorPairCount X < (X - 2) ^ 2) :
  0 < allOnesEntrySum X
info: SR_SignatureBound.lean:907:0: SR.rowInteriorCountOn_zero_of_not_below_half (X m : ℕ) (L : List ℕ) (hL : ∀ n ∈ L, 2 ≤ n) (hm : ¬2 * m < X) :
  rowInteriorCountOn X m L = 0
info: SR_SignatureBound.lean:908:0: SR.rowInteriorCount_complete_zero_of_not_below_half (X m : ℕ) (hm : ¬2 * m < X) :
  rowInteriorCountOn X m (completeSupport X) = 0
info: SR_SignatureBound.lean:909:0: SR.belowHalfSupportCount (X : ℕ) : ℕ
info: SR_SignatureBound.lean:910:0: SR.rowInteriorCountOn_le_length (X m : ℕ) (L : List ℕ) : rowInteriorCountOn X m L ≤ L.length
info: SR_SignatureBound.lean:911:0: SR.belowHalfInteriorPairCount (X : ℕ) : ℕ
info: SR_SignatureBound.lean:912:0: SR.sum_rows_eq_filter_sum (X : ℕ) (L : List ℕ)
  (hzero : ∀ m ∈ L, ¬2 * m < X → rowInteriorCountOn X m (completeSupport X) = 0) :
  (List.map (fun m => rowInteriorCountOn X m (completeSupport X)) L).sum =
    (List.map (fun m => rowInteriorCountOn X m (completeSupport X)) (List.filter (fun m => decide (2 * m < X)) L)).sum
info: SR_SignatureBound.lean:913:0: SR.interiorPairCount_eq_belowHalfInteriorPairCount (X : ℕ) : interiorPairCount X = belowHalfInteriorPairCount X
info: SR_SignatureBound.lean:914:0: SR.belowHalfInteriorPairCount_le_rows_mul_width (X : ℕ) :
  belowHalfInteriorPairCount X ≤ belowHalfSupportCount X * (completeSupport X).length
info: SR_SignatureBound.lean:915:0: SR.interiorPairCount_le_belowHalf_rows_mul_width (X : ℕ) :
  interiorPairCount X ≤ belowHalfSupportCount X * (completeSupport X).length
info: SR_SignatureBound.lean:916:0: SR.interiorPairCount_half_bound_of_belowHalfSupportCount (X : ℕ)
  (h : 2 * belowHalfSupportCount X < (completeSupport X).length) : 2 * interiorPairCount X < (X - 2) ^ 2
info: SR_SignatureBound.lean:917:0: SR.allOnesEntrySum_positive_of_belowHalfSupportCount (X : ℕ)
  (h : 2 * belowHalfSupportCount X < (completeSupport X).length) : 0 < allOnesEntrySum X
info: SR_SignatureBound.lean:918:0: SR.belowHalfSupportCount_formula_implies_positive (X : ℕ) (hX : 6 ≤ X)
  (hcount : belowHalfSupportCount X = (X - 1) / 2 - 1) : 0 < allOnesEntrySum X
info: SR_SignatureBound.lean:919:0: SR.belowHalfSupportCount_formula_X6_to_X40 :
  ((List.range 35).all fun k =>
      have X := k + 6;
      belowHalfSupportCount X == (X - 1) / 2 - 1) =
    true
info: SR_SignatureBound.lean:920:0: SR.belowHalfSupportCount_formula_X6_to_X1000 :
  ((List.range 995).all fun k =>
      have X := k + 6;
      belowHalfSupportCount X == (X - 1) / 2 - 1) =
    true
info: SR_SignatureBound.lean:921:0: SR.belowHalfSupportCount_general (X : ℕ) (hX : 6 ≤ X) : belowHalfSupportCount X = (X - 1) / 2 - 1
info: SR_SignatureBound.lean:922:0: SR.allOnesEntrySum_positive_general (X : ℕ) (hX : 6 ≤ X) : 0 < allOnesEntrySum X
info: SR_SignatureBound.lean:923:0: SR.SR21_POSITIVE_BIAS_GENERAL (X : ℕ) (hX : 6 ≤ X) : 0 < allOnesEntrySum X
info: SR_SignatureBound.lean:924:0: SR.interiorPairCount (X : ℕ) : ℕ
info: SR_SignatureBound.lean:925:0: SR.interiorPairCount_le_supportPairCountRows (X : ℕ) : interiorPairCount X ≤ supportPairCountRows X
info: SR_SignatureBound.lean:926:0: SR.allOnesEntrySum_X35_count_formula : allOnesEntrySum 35 = 33 ^ 2 - 2 * ↑(interiorPairCount 35)
info: SR_SignatureBound.lean:927:0: SR.allOnesEntrySum_X210_count_formula : allOnesEntrySum 210 = 208 ^ 2 - 2 * ↑(interiorPairCount 210)
info: SR_SignatureBound.lean:928:0: SR.allOnesEntrySum (X : ℕ) : ℤ
info: SR_SignatureBound.lean:929:0: SR.allOnesEntrySum_X6 : allOnesEntrySum 6 = 14
info: SR_SignatureBound.lean:930:0: SR.allOnesEntrySum_X6_pos : 0 < allOnesEntrySum 6
info: SR_SignatureBound.lean:931:0: SR.allOnesEntrySum_X35 : allOnesEntrySum 35 = 969
info: SR_SignatureBound.lean:932:0: SR.allOnesEntrySum_X35_pos : 0 < allOnesEntrySum 35
info: SR_SignatureBound.lean:933:0: SR.allOnesEntrySum_X210 : allOnesEntrySum 210 = 41798
info: SR_SignatureBound.lean:934:0: SR.allOnesEntrySum_X210_pos : 0 < allOnesEntrySum 210
info: SR_SignatureBound.lean:935:0: SR.SR21_SIGNATURE_BOUND_OPEN : True
info: SR_SignatureBound.lean:936:0: SR.SR21_SYNTHESIS_CERTIFIED_X6_TO_200 :
  (sigX8.X = 8 ∧ sigX8.pos = 2 ∧ sigX8.neg = 1 ∧ sigX8.zero = 3 ∧ sigIndex sigX8 % 2 ≠ supportParityIndex sigX8) ∧
    (∀ s ∈ knownSigs, s.neg ≤ s.pos) ∧
      (∀ s ∈ knownSigs, s.pos ≤ s.neg + 1) ∧
        hereditaryCertificateX6To100.violations = 0 ∧
          signatureBoundSearchX6To500.violations = 0 ∧
            signatureBoundSearchX6To1000.violations = 0 ∧
              positiveBiasSearchX6To1000.violations = 0 ∧
                positiveBiasSearchX6To5000.violations = 0 ∧ (∀ (X : ℕ), 6 ≤ X → 0 < allOnesEntrySum X) ∧ True
⚠ [2016/2047] Replayed SR_Mollifier
warning: SR_Mollifier.lean:133:15: unused variable `hIndep`

Note: This linter can be disabled with `set_option linter.unusedVariables false`
warning: SR_Mollifier.lean:141:5: unused variable `hp1`

Note: This linter can be disabled with `set_option linter.unusedVariables false`
warning: SR_Mollifier.lean:141:33: unused variable `hIndep`

Note: This linter can be disabled with `set_option linter.unusedVariables false`
⚠ [2322/2381] Replayed SR_Bridge
warning: SR_Bridge.lean:367:5: unused variable `h`

Note: This linter can be disabled with `set_option linter.unusedVariables false`
warning: SR_Bridge.lean:420:15: unused variable `hX`

Note: This linter can be disabled with `set_option linter.unusedVariables false`
warning: SR_Bridge.lean:430:2: try 'simp' instead of 'simpa'

Note: This linter can be disabled with `set_option linter.unnecessarySimpa false`
warning: SR_Bridge.lean:466:45: unused variable `hX`

Note: This linter can be disabled with `set_option linter.unusedVariables false`
warning: SR_Bridge.lean:503:31: unused variable `hc1`

Note: This linter can be disabled with `set_option linter.unusedVariables false`
warning: SR_Bridge.lean:785:4: try 'simp' instead of 'simpa'

Note: This linter can be disabled with `set_option linter.unnecessarySimpa false`
warning: SR_Bridge.lean:789:4: try 'simp' instead of 'simpa'

Note: This linter can be disabled with `set_option linter.unnecessarySimpa false`
✖ [8252/8254] Building SR_WeilForm (25s)
trace: .> LEAN_PATH=D:\CodexRH\.lake\packages\Cli\.lake\build\lib\lean;D:\CodexRH\.lake\packages\batteries\.lake\build\lib\lean;D:\CodexRH\.lake\packages\Qq\.lake\build\lib\lean;D:\CodexRH\.lake\packages\aesop\.lake\build\lib\lean;D:\CodexRH\.lake\packages\proofwidgets\.lake\build\lib\lean;D:\CodexRH\.lake\packages\importGraph\.lake\build\lib\lean;D:\CodexRH\.lake\packages\LeanSearchClient\.lake\build\lib\lean;D:\CodexRH\.lake\packages\plausible\.lake\build\lib\lean;D:\CodexRH\.lake\packages\mathlib\.lake\build\lib\lean;D:\CodexRH\.lake\build\lib\lean c:\Users\ljoe6\.elan\toolchains\leanprover--lean4---v4.29.1\bin\lean.exe D:\CodexRH\SR_WeilForm.lean -o D:\CodexRH\.lake\build\lib\lean\SR_WeilForm.olean -i D:\CodexRH\.lake\build\lib\lean\SR_WeilForm.ilean -c D:\CodexRH\.lake\build\ir\SR_WeilForm.c --setup D:\CodexRH\.lake\build\ir\SR_WeilForm.setup.json --json
error: SR_WeilForm.lean:24:6: Unknown constant `Matrix.dotProduct`
error: SR_WeilForm.lean:34:8: Tactic `introN` failed: There are no additional binders or `let` bindings in the goal to introduce

X : ℕ
⊢ (SR_matrix_form X).IsSymm
error: SR_WeilForm.lean:39:2: Unknown constant `Matrix.dotProduct`
warning: SR_WeilForm.lean:41:8: declaration uses `sorry`
warning: SR_WeilForm.lean:46:8: declaration uses `sorry`
warning: SR_WeilForm.lean:50:2: this tactic is never executed

Note: This linter can be disabled with `set_option linter.unreachableTactic false`
warning: SR_WeilForm.lean:51:2: this tactic is never executed

Note: This linter can be disabled with `set_option linter.unreachableTactic false`
warning: SR_WeilForm.lean:52:2: this tactic is never executed

Note: This linter can be disabled with `set_option linter.unreachableTactic false`
warning: SR_WeilForm.lean:53:2: this tactic is never executed

Note: This linter can be disabled with `set_option linter.unreachableTactic false`
warning: SR_WeilForm.lean:54:2: this tactic is never executed

Note: This linter can be disabled with `set_option linter.unreachableTactic false`
warning: SR_WeilForm.lean:55:2: this tactic is never executed

Note: This linter can be disabled with `set_option linter.unreachableTactic false`
warning: SR_WeilForm.lean:50:2: 'rw [Finset.sum_comm]' tactic does nothing

Note: This linter can be disabled with `set_option linter.unusedTactic false`
warning: SR_WeilForm.lean:51:2: 'apply Finset.sum_congr rfl' tactic does nothing

Note: This linter can be disabled with `set_option linter.unusedTactic false`
warning: SR_WeilForm.lean:52:2: 'intro i hi' tactic does nothing

Note: This linter can be disabled with `set_option linter.unusedTactic false`
warning: SR_WeilForm.lean:53:2: 'apply Finset.sum_congr rfl' tactic does nothing

Note: This linter can be disabled with `set_option linter.unusedTactic false`
warning: SR_WeilForm.lean:54:2: 'intro j hj' tactic does nothing

Note: This linter can be disabled with `set_option linter.unusedTactic false`
warning: SR_WeilForm.lean:55:2: 'simp [Nat.mul_comm, mul_comm, mul_left_comm, mul_assoc]' tactic does nothing

Note: This linter can be disabled with `set_option linter.unusedTactic false`
error: SR_WeilForm.lean:61:26: Unknown constant `Matrix.dotProduct`
error: SR_WeilForm.lean:74:26: Unknown constant `Matrix.dotProduct`
error: SR_WeilForm.lean:87:59: unsolved goals
X : ℕ
v w₁ w₂ : Fin (X - 2) → ℝ
⊢ SR_bilinear_form X w₁ v + SR_bilinear_form X w₂ v = SR_bilinear_form X w₁ v + SR_bilinear_form X v w₂
error: SR_WeilForm.lean:111:2: Type mismatch: After simplification, term
  h
 has type
  (List.map (fun m => (List.map (fun n => ↑(reesEntryFromNat X m n)) (completeSupport X)).sum)
        (completeSupport X)).sum =
    ∑ x, ∑ x_1, ↑(reesEntryFromNat X (completeSupport X)[↑x] (completeSupport X)[↑x_1])
but is expected to have type
  ∑ x, ∑ x_1, ↑(reesEntryFromNat X (completeSupport X)[↑x] (completeSupport X)[↑x_1]) =
    (List.map (Int.cast ∘ fun m => (List.map (fun n => reesEntryFromNat X m n) (completeSupport X)).sum)
        (completeSupport X)).sum
error: SR_WeilForm.lean:138:58: Unknown constant `Fin.castIso`
error: SR_WeilForm.lean:141:2: Tactic `apply` failed: could not unify the conclusion of `@Fintype.sum_congr`
  (∀ (a : ?α), ?f a = ?g a) → ∑ a, ?f a = ∑ a, ?g a
with the goal
  ∀ (x : Fin (X - 2)),
    ∑ j,
        1 * ↑(reesEntryFromNat X ((completeSupport X).get (Fin.cast ⋯ x)) ((completeSupport X).get (Fin.cast ⋯ j))) *
          1 =
      ∑ j,
        (fun x => 1) (e x) * ↑(reesEntryFromNat X ((completeSupport X).get (e x)) ((completeSupport X).get j)) *
          (fun x => 1) j

Note: The full type of `@Fintype.sum_congr` is
  ∀ {α : Type ?u.7277.836} {M : Type ?u.7277.835} [inst : Fintype α] [inst_1 : AddCommMonoid M] (f g : α → M),
    (∀ (a : α), f a = g a) → ∑ a, f a = ∑ a, g a

case h
X : ℕ
h : X - 2 = (completeSupport X).length := Eq.symm (completeSupport_length X)
e : Fin (X - 2) ≃ Fin (completeSupport X).length := sorry
⊢ ∀ (x : Fin (X - 2)),
    ∑ j,
        1 * ↑(reesEntryFromNat X ((completeSupport X).get (Fin.cast ⋯ x)) ((completeSupport X).get (Fin.cast ⋯ j))) *
          1 =
      ∑ j,
        (fun x => 1) (e x) * ↑(reesEntryFromNat X ((completeSupport X).get (e x)) ((completeSupport X).get j)) *
          (fun x => 1) j
error: SR_WeilForm.lean:169:8: Tactic `rewrite` failed: Did not find an occurrence of the pattern
  ∑ i ∈ ?s, ?a * ?f i
in the target expression
  ∑ x,
      ∑ x_1,
        c ^ 2 *
          ↑(reesEntryFromNat X ((completeSupport X).get (Fin.cast ⋯ x)) ((completeSupport X).get (Fin.cast ⋯ x_1))) =
    c ^ 2 *
      ∑ x,
        ∑ x_1, ↑(reesEntryFromNat X ((completeSupport X).get (Fin.cast ⋯ x)) ((completeSupport X).get (Fin.cast ⋯ x_1)))

X : ℕ
hX : 6 ≤ X
c : ℝ
hc : ∀ (i : Fin (X - 2)), (fun x => c) i = c
⊢ ∑ x,
      ∑ x_1,
        c ^ 2 *
          ↑(reesEntryFromNat X ((completeSupport X).get (Fin.cast ⋯ x)) ((completeSupport X).get (Fin.cast ⋯ x_1))) =
    c ^ 2 *
      ∑ x,
        ∑ x_1, ↑(reesEntryFromNat X ((completeSupport X).get (Fin.cast ⋯ x)) ((completeSupport X).get (Fin.cast ⋯ x_1)))
error: SR_WeilForm.lean:222:8: Unknown identifier `SR_admissible_candidate_strict`
error: SR_WeilForm.lean:256:8: Tactic `rewrite` failed: Did not find an occurrence of the pattern
  ∑ i ∈ ?s, ?a * ?f i
in the target expression
  ∑ x,
      ∑ x_1,
        c ^ 2 *
          ↑(reesEntryFromNat X ((completeSupport X).get (Fin.cast ⋯ x)) ((completeSupport X).get (Fin.cast ⋯ x_1))) =
    c ^ 2 *
      ∑ x,
        ∑ x_1,
          1 *
              ↑(reesEntryFromNat X ((completeSupport X).get (Fin.cast ⋯ x))
                  ((completeSupport X).get (Fin.cast ⋯ x_1))) *
            1

X : ℕ
hX : 6 ≤ X
c : ℝ
hc : c ≠ 0
⊢ ∑ x,
      ∑ x_1,
        c ^ 2 *
          ↑(reesEntryFromNat X ((completeSupport X).get (Fin.cast ⋯ x)) ((completeSupport X).get (Fin.cast ⋯ x_1))) =
    c ^ 2 *
      ∑ x,
        ∑ x_1,
          1 *
              ↑(reesEntryFromNat X ((completeSupport X).get (Fin.cast ⋯ x))
                  ((completeSupport X).get (Fin.cast ⋯ x_1))) *
            1
warning: SR_WeilForm.lean:280:2: try 'simp' instead of 'simpa'

Note: This linter can be disabled with `set_option linter.unnecessarySimpa false`
error: Lean exited with code 1
Some required targets logged failures:
- SR_WeilForm
error: build failed
